// Jest Snapshot v1, https://goo.gl/fbAQLP

exports[`Jest serializer should not remove styles 1`] = `
<Text
  accessible={true}
  allowFontScaling={true}
  ellipsizeMode="tail"
  style={
    Object {
      "color": "red",
      "padding": 1,
    }
  }
/>
`;

exports[`Jest serializer should remove d-prop from path 1`] = `<path />`;

exports[`Jest serializer should remove rnw-classnames 1`] = `
<View
  className="main main2"
/>
`;

exports[`Jest serializer should transform render props 1`] = `
<View>
  <Nested
    prop={<Path />}
  />
</View>
`;
