// Jest Snapshot v1, https://goo.gl/fbAQLP

exports[`1. Render a group of topics in the correct order 1`] = `
<View
  style={
    Array [
      Object {
        "flexDirection": "row",
        "flexWrap": "wrap",
        "justifyContent": "center",
      },
      null,
    ]
  }
>
  <WithTrackEvents(Topic)
    id="football"
    key="football"
    name="Football"
  />
  <WithTrackEvents(Topic)
    id="chelsea"
    key="chelsea"
    name="Chelsea FC"
  />
  <WithTrackEvents(Topic)
    id="arsenal"
    key="arsenal"
    name="Arsenal"
  />
  <WithTrackEvents(Topic)
    id="manchester-united"
    key="manchester-united"
    name="Manchester United FC"
  />
  <WithTrackEvents(Topic)
    id="rugby-union"
    key="rugby-union"
    name="Rugby Union"
  />
</View>
`;

exports[`2. Render a single Topic 1`] = `
<Link
  index="0"
  onPress={[Function]}
  responsiveLinkStyles={null}
  url="/topic/football"
>
  <View
    style={
      Object {
        "borderColor": "#DBDBDB",
        "borderRadius": 1,
        "borderWidth": 1,
        "marginRight": "10px",
        "marginTop": "10px",
        "paddingBottom": 12,
        "paddingLeft": "15px",
        "paddingRight": "15px",
        "paddingTop": 12,
      }
    }
  >
    <Text
      style={
        Object {
          "color": "#696969",
          "fontFamily": "GillSansMTStd-Medium",
          "fontSize": 13,
        }
      }
    >
      Football
    </Text>
  </View>
</Link>
`;

exports[`Topic test on web:  onPress sends analytics 1`] = `
Array [
  Array [
    Object {
      "action": "Viewed",
      "attrs": Object {
        "eventTime": "2018-01-01T00:00:00.000Z",
      },
      "component": "Page",
      "object": "TopicsRenderStory",
    },
  ],
]
`;
