// Jest Snapshot v1, https://goo.gl/fbAQLP

exports[`AuthorArticlesNoImagesProvider returns query result 1`] = `undefined`;
