// Jest Snapshot v1, https://goo.gl/fbAQLP

exports[`TopicProvider returns query result 1`] = `undefined`;
