// Jest Snapshot v1, https://goo.gl/fbAQLP

exports[`ArticleList tests on web:  should render the article page error correctly 1`] = `
<PageErrorContainer>
  <ArticleListError
    refetch={[Function]}
  />
  <PageErrorImageContainer>
    <TimesImage
      aspectRatio={0.9090909090909091}
      uri="https://www.thetimes.co.uk/d/img/internal-error-c45d0e8347.png"
    />
  </PageErrorImageContainer>
</PageErrorContainer>
`;

exports[`ArticleList tests on web:  should render the error component correctly 1`] = `
<View
  style={
    Object {
      "alignSelf": "center",
      "flexBasis": "50%",
      "maxWidth": 548,
    }
  }
>
  <Text
    style={
      Object {
        "alignSelf": "center",
        "color": "#1D1D1B",
        "fontFamily": "TimesModern-Bold",
        "fontSize": 35,
        "marginBottom": "10px",
        "marginTop": "20px",
        "textAlign": "center",
      }
    }
  >
    Something's gone wrong
  </Text>
  <Text
    style={
      Object {
        "color": "#696969",
        "fontFamily": "TimesDigitalW04-Regular",
        "fontSize": 18,
        "textAlign": "center",
      }
    }
  >
    We can't load the page you have requested. Please check your network connection and retry to continue
  </Text>
  <View
    style={
      Object {
        "alignSelf": "center",
        "maxWidth": 300,
        "paddingBottom": "10px",
        "paddingTop": "40px",
        "width": 200,
      }
    }
  >
    <TouchableOpacity
      accessibilityLabel="Retry"
      accessible={true}
      activeOpacity={0.2}
      focusedOpacity={0.7}
      onPress={[Function]}
    >
      <View
        style={
          Object {
            "alignItems": "center",
            "backgroundColor": "#006699",
            "flex": 1,
            "height": 44,
            "justifyContent": "center",
          }
        }
      >
        <Text
          style={
            Object {
              "color": "#FFF",
              "fontFamily": "GillSansMTStd-Medium",
            }
          }
        >
          RETRY
        </Text>
      </View>
    </TouchableOpacity>
  </View>
</View>
`;

exports[`ArticleList tests on web:  should render the separator keyline correctly 1`] = `
<View
  style={
    Object {
      "backgroundColor": "#DBDBDB",
      "height": 1,
    }
  }
/>
`;
